======================================
Model: unetpp
Node: i17n8.ocelote.hpc.arizona.edu
Array task: 0
======================================
Torch: 2.5.1+cu121
CUDA available: True
GPU: Tesla P100-PCIE-16GB
================================================================================
PREDICTED RPEDC → DRUSEN VOLUME
================================================================================
Device: cuda
GPU: Tesla P100-PCIE-16GB
Architecture: unetpp
Encoder: resnet34
Threshold: 0.5
Locked AMD test subjects: 14

[1/14] Farsiu_Ophthalmology_2013_AMD_Subject_1002

[2/14] Farsiu_Ophthalmology_2013_AMD_Subject_1003

[3/14] Farsiu_Ophthalmology_2013_AMD_Subject_1015

[4/14] Farsiu_Ophthalmology_2013_AMD_Subject_1021

[5/14] Farsiu_Ophthalmology_2013_AMD_Subject_1022

[6/14] Farsiu_Ophthalmology_2013_AMD_Subject_1024

[7/14] Farsiu_Ophthalmology_2013_AMD_Subject_1030

[8/14] Farsiu_Ophthalmology_2013_AMD_Subject_1052

[9/14] Farsiu_Ophthalmology_2013_AMD_Subject_1053

[10/14] Farsiu_Ophthalmology_2013_AMD_Subject_1061

[11/14] Farsiu_Ophthalmology_2013_AMD_Subject_1072

[12/14] Farsiu_Ophthalmology_2013_AMD_Subject_1075

[13/14] Farsiu_Ophthalmology_2013_AMD_Subject_1083

[14/14] Farsiu_Ophthalmology_2013_AMD_Subject_1086

================================================================================
PRIMARY 3-SD SUMMARY
================================================================================
       reference_volume_mm3  ...  relative_error_percent
count             14.000000  ...               14.000000
mean               0.167201  ...               30.834043
std                0.287168  ...               30.106757
min                0.003113  ...                1.343301
25%                0.008778  ...                4.302842
50%                0.034036  ...               24.266324
75%                0.155809  ...               48.060675
max                0.869786  ...               89.213501

[8 rows x 4 columns]

Saved: reports/drusen_volume/predicted_formula/unetpp_volume_agreement.csv
