Architecture: unet
Array task: 0
Node: i18n1.ocelote.hpc.arizona.edu
Start time: Sun Aug  2 13:34:33 MST 2026
Python: /groups/eungjoolee/puneethsamarla/conda_envs/eda310/bin/python
Sun Aug  2 13:34:33 2026       
+-----------------------------------------------------------------------------------------+
| NVIDIA-SMI 550.90.07              Driver Version: 550.90.07      CUDA Version: 12.4     |
|-----------------------------------------+------------------------+----------------------+
| GPU  Name                 Persistence-M | Bus-Id          Disp.A | Volatile Uncorr. ECC |
| Fan  Temp   Perf          Pwr:Usage/Cap |           Memory-Usage | GPU-Util  Compute M. |
|                                         |                        |               MIG M. |
|=========================================+========================+======================|
|   0  Tesla P100-PCIE-16GB           On  |   00000000:0B:00.0 Off |                    0 |
| N/A   23C    P0             24W /  250W |       0MiB /  16384MiB |      0%      Default |
|                                         |                        |                  N/A |
+-----------------------------------------+------------------------+----------------------+
                                                                                         
+-----------------------------------------------------------------------------------------+
| Processes:                                                                              |
|  GPU   GI   CI        PID   Type   Process name                              GPU Memory |
|        ID   ID                                                               Usage      |
|=========================================================================================|
|  No running processes found                                                             |
+-----------------------------------------------------------------------------------------+
Device: cpu
Architecture: unet
Training slices: 9315
Validation slices: 2012
Epoch 001 | train_loss=0.1637 train_dice=0.7160 | val_loss=0.0928 val_dice=0.8803 val_iou=0.7863 val_precision=0.8674 val_recall=0.8936 val_specificity=0.9983 val_mcc=0.8789 | lr=3.00e-04 time=65889.2s [BEST]
