Architecture: deeplabv3plus
Array task: 3
Node: i17n7.ocelote.hpc.arizona.edu
Start time: Wed Jul 22 22:19:13 MST 2026
Python: /groups/eungjoolee/puneethsamarla/conda_envs/eda310/bin/python
Wed Jul 22 22:19:13 2026       
+-----------------------------------------------------------------------------------------+
| NVIDIA-SMI 550.90.07              Driver Version: 550.90.07      CUDA Version: 12.4     |
|-----------------------------------------+------------------------+----------------------+
| GPU  Name                 Persistence-M | Bus-Id          Disp.A | Volatile Uncorr. ECC |
| Fan  Temp   Perf          Pwr:Usage/Cap |           Memory-Usage | GPU-Util  Compute M. |
|                                         |                        |               MIG M. |
|=========================================+========================+======================|
|   0  Tesla P100-PCIE-16GB           On  |   00000000:86:00.0 Off |                    0 |
| N/A   29C    P0             26W /  250W |       0MiB /  16384MiB |      0%      Default |
|                                         |                        |                  N/A |
+-----------------------------------------+------------------------+----------------------+
                                                                                         
+-----------------------------------------------------------------------------------------+
| Processes:                                                                              |
|  GPU   GI   CI        PID   Type   Process name                              GPU Memory |
|        ID   ID                                                               Usage      |
|=========================================================================================|
|  No running processes found                                                             |
+-----------------------------------------------------------------------------------------+
Device: cpu
Architecture: deeplabv3plus
Training slices: 9315
Validation slices: 2012
Epoch 001 | train_loss=0.1319 train_dice=0.7768 | val_loss=0.0937 val_dice=0.8768 val_iou=0.7806 val_precision=0.8731 val_recall=0.8804 val_specificity=0.9984 val_mcc=0.8752 | lr=3.00e-04 time=59089.9s [BEST]
